// Jest Snapshot v1, https://goo.gl/fbAQLP

exports[`equals expected state structure 1`] = `
Object {
  "attacker": undefined,
  "defender": undefined,
  "enabledSets": Object {
    "custom": true,
    "pokemonPerfect": false,
    "smogon": true,
    "usage": true,
  },
  "field": undefined,
  "fractions": false,
  "gen": 7,
  "longRolls": false,
  "overrideReport": undefined,
}
`;
